<?xml version="1.0"?>
<foo>
  <bar>Baz</bar>
</foo>
