{
    "foo": "foo",
    "bar": "bar",
    "baz": "🍭"
}
